// Jest Snapshot v1, https://goo.gl/fbAQLP

exports[`Repository card item repository card snapshot 1`] = `
<div>
  <div
    class="MuiPaper-root MuiCard-root card MuiPaper-elevation1 MuiPaper-rounded"
  >
    <button
      class="MuiButtonBase-root MuiCardActionArea-root card"
      tabindex="0"
      type="button"
    >
      <a
        href="/repos/facebook/react"
        style="text-decoration: none;"
      >
        <div
          class="MuiCardContent-root"
        >
          <div
            class="stats"
          >
            <h6
              class="MuiTypography-root owner MuiTypography-subtitle1 MuiTypography-colorTextSecondary"
              data-testid="owner-name"
            >
              facebook
            </h6>
            <svg
              aria-hidden="true"
              class="MuiSvgIcon-root MuiSvgIcon-colorPrimary"
              focusable="false"
              viewBox="0 0 24 24"
            >
              <path
                d="M12 2C6.48 2 2 6.48 2 12s4.48 10 10 10 10-4.48 10-10S17.52 2 12 2zm-1 17.93c-3.95-.49-7-3.85-7-7.93 0-.62.08-1.21.21-1.79L9 15v1c0 1.1.9 2 2 2v1.93zm6.9-2.54c-.26-.81-1-1.39-1.9-1.39h-1v-3c0-.55-.45-1-1-1H8v-2h2c.55 0 1-.45 1-1V7h2c1.1 0 2-.9 2-2v-.41c2.93 1.19 5 4.06 5 7.41 0 2.08-.8 3.97-2.1 5.39z"
              />
            </svg>
          </div>
          <h2
            class="MuiTypography-root title MuiTypography-h6 MuiTypography-noWrap"
            data-testid="repo-name"
          >
            react
          </h2>
          <p
            class="MuiTypography-root MuiTypography-body2 MuiTypography-noWrap MuiTypography-gutterBottom"
          >
            Library for building UIs
          </p>
          <div
            class="stats"
          >
            <h6
              class="MuiTypography-root typography MuiTypography-subtitle1 MuiTypography-colorTextSecondary"
            >
              <svg
                aria-hidden="true"
                class="MuiSvgIcon-root MuiSvgIcon-colorPrimary"
                focusable="false"
                viewBox="0 0 24 24"
              >
                <path
                  d="M12 17.27L18.18 21l-1.64-7.03L22 9.24l-7.19-.61L12 2 9.19 8.63 2 9.24l5.46 4.73L5.82 21z"
                />
              </svg>
              150K
            </h6>
            <h6
              class="MuiTypography-root typography MuiTypography-subtitle1 MuiTypography-colorTextSecondary"
            >
              <svg
                aria-hidden="true"
                class="MuiSvgIcon-root MuiSvgIcon-colorPrimary"
                focusable="false"
                viewBox="0 0 24 24"
              >
                <path
                  d="M9.4 16.6L4.8 12l4.6-4.6L8 6l-6 6 6 6 1.4-1.4zm5.2 0l4.6-4.6-4.6-4.6L16 6l6 6-6 6-1.4-1.4z"
                />
              </svg>
              JavaScript
            </h6>
          </div>
          <h6
            class="MuiTypography-root pos MuiTypography-subtitle1 MuiTypography-colorTextSecondary"
          >
            Updated on Invalid Date at Invalid Date
          </h6>
        </div>
      </a>
      <span
        class="MuiCardActionArea-focusHighlight"
      />
      <span
        class="MuiTouchRipple-root"
      />
    </button>
  </div>
</div>
`;
